// Jest Snapshot v1, https://goo.gl/fbAQLP

exports[`Humburger menu snapshot testd succesfuly 1`] = `
<nav
  className="absolute	 top-0 right-0 w-64 bottom-0 overflow-hidden"
  style={Object {}}
>
  <div
    className="absolute	 top-0 right-0 w-64 bottom-0 bg-orange-400"
    style={
      Object {
        "clipPath": "circle(28px at 84.5% 40px)",
      }
    }
  />
  <ul
    className="p-2 absolute  w-full flex flex-col items-center h-full "
    style={
      Object {
        "display": "none",
        "opacity": 0,
        "transform": "translateY(50px) translateZ(0)",
      }
    }
  >
    <li
      className="bg-gray-900 w-32 text-center mt-48  my-5 cursor-pointer rounded"
      style={Object {}}
    >
      <button
        className="w-full py-2 focus:outline-none text-white"
      >
        Home
      </button>
    </li>
    <li
      className="bg-gray-900 w-32 text-center  my-5 cursor-pointer rounded"
      style={Object {}}
    >
      <button
        className="w-full py-2 focus:outline-none text-white"
      >
        Take a quiz
      </button>
    </li>
    <li
      className="bg-gray-900 w-32 text-center  my-5 cursor-pointer rounded"
      style={Object {}}
    >
      <button
        className="w-full py-2 focus:outline-none text-white"
      >
        About us
      </button>
    </li>
    <h1
      className="absolute bottom-0 mb-10 "
    >
      All Rights Reserved.
    </h1>
  </ul>
  <button
    className="absolute mt-5 mr-2	focus:outline-none top-0 right-0 w-12 h-12 bottom-0 "
    onClick={[Function]}
  >
    <svg
      fill="white"
      height="35"
      stroke="red"
      viewBox="0 0 23 23"
      width="35"
    >
      <path
        d="M 2 2.5 L 20 2.5"
        fill="transparent"
        stroke="hsl(0, 0%, 18%)"
        strokeLinecap="round"
        strokeWidth="3"
        style={Object {}}
      />
      <path
        d="M 5 9.423 L 15 9.423"
        fill="transparent"
        opacity={1}
        stroke="hsl(0, 0%, 18%)"
        strokeLinecap="round"
        strokeWidth="3"
        style={Object {}}
      />
      <path
        d="M 2 16.346 L 20 16.346"
        fill="transparent"
        stroke="hsl(0, 0%, 18%)"
        strokeLinecap="round"
        strokeWidth="3"
        style={Object {}}
      />
    </svg>
  </button>
</nav>
`;
